2026-05-04 19:39:27,890 - System - INFO - 用户 admin 登录成功
2026-05-04 19:42:01,416 - System - INFO - 添加器材成功: BB202605040001 - 篮球
2026-05-04 19:54:40,402 - System - INFO - 器材 BB202605040001 入库成功: +10
2026-05-04 19:58:41,503 - System - INFO - 添加器材成功: BR202605040001 - 羽毛球拍
2026-05-04 19:59:16,221 - System - INFO - 器材 BR202605040001 入库成功: +30
2026-05-04 19:59:39,429 - System - INFO - 器材 BB202605040001 入库成功: +10
2026-05-04 19:59:54,538 - System - INFO - 库存盘点: BR202605040001, 系统:60, 实际:60, 差异:0
2026-05-04 20:01:27,093 - System - INFO - 器材 BR202605040001 入库成功: +40
2026-05-04 21:12:32,203 - System - ERROR - 用户 admin 登录失败：密码错误
2026-05-04 21:12:33,385 - System - ERROR - 用户 admin 登录失败：密码错误
2026-05-04 21:12:36,723 - System - ERROR - 用户 admin 登录失败：密码错误
2026-05-04 21:12:41,438 - System - INFO - 用户 admin 登录成功
2026-05-04 21:49:48,977 - System - INFO - 用户 admin 登录成功
2026-05-04 22:14:14,722 - System - INFO - 用户 admin 登录成功
2026-05-04 22:14:43,432 - System - INFO - 器材 BR202605040001 出库成功: -1
2026-05-04 22:16:44,918 - System - INFO - 器材 BR202605040001 入库成功: +20
2026-05-04 22:18:24,355 - System - INFO - 器材ID 2 信息已更新
2026-05-04 22:18:37,502 - System - INFO - 器材ID 1 信息已更新
2026-05-04 22:18:49,418 - System - INFO - 数据已导出到CSV: C:\Users\panhl\Documents\trae_projects\xiaoyuanqicai\exports\器材报表_20260504_221849.csv
2026-05-04 22:20:10,763 - System - INFO - 添加器材成功: BB202605040002 - 中号篮球
2026-05-04 22:20:58,275 - System - INFO - 器材 BB202605040002 入库成功: +1
2026-05-04 22:24:14,904 - System - INFO - 用户 admin 登录成功
2026-05-04 22:26:37,230 - System - INFO - 用户 admin 登录成功
2026-05-04 22:30:29,060 - System - INFO - 数据已导出到CSV: C:\Users\panhl\Documents\trae_projects\xiaoyuanqicai\exports\器材报表_20260504_223029.csv
2026-05-04 22:44:00,664 - System - INFO - 用户 admin 登录成功
2026-05-04 22:47:25,509 - System - INFO - 用户 admin 登录成功
2026-05-04 22:49:01,094 - System - INFO - 用户 admin 登录成功
2026-05-04 22:49:36,210 - System - INFO - 器材ID 3 已删除
2026-05-04 22:49:41,522 - System - INFO - 器材ID 2 已删除
2026-05-04 22:49:48,577 - System - INFO - 器材ID 1 已删除
2026-05-04 22:50:48,016 - System - INFO - 添加器材成功: BB202605040001 - 中号篮球
2026-05-04 22:51:18,759 - System - INFO - 器材 BB202605040001 入库成功: +10
2026-05-04 22:52:52,679 - System - INFO - 器材 BB202605040001 出库成功: -1
2026-05-05 19:49:05,425 - System - INFO - 用户 admin 登录成功
2026-05-05 19:53:40,344 - System - INFO - 添加器材成功: BR202605050001 - 钛素羽毛球拍
2026-05-05 19:54:12,389 - System - INFO - 器材 BR202605050001 入库成功: +5
2026-05-05 19:55:41,647 - System - INFO - 器材ID 4 信息已更新
2026-05-05 19:57:22,413 - System - INFO - 器材 BR202605050001 出库成功: -2
2026-05-05 20:07:30,706 - System - INFO - 用户 admin 登录成功
2026-05-05 20:09:43,658 - System - INFO - 用户 admin 登录成功
2026-05-05 20:15:53,054 - System - INFO - 用户 admin 登录成功
2026-05-05 20:20:50,028 - System - INFO - 用户 admin 登录成功
2026-05-05 20:26:23,004 - System - INFO - 用户 admin 登录成功
2026-05-05 20:29:28,574 - System - INFO - 用户 admin 登录成功
2026-05-05 20:32:02,044 - System - INFO - 用户 admin 登录成功
2026-05-05 20:35:08,123 - System - INFO - 库存盘点: BR202605050001, 系统:3, 实际:3, 差异:0
2026-05-05 20:35:15,984 - System - INFO - 库存盘点: BB202605040001, 系统:9, 实际:9, 差异:0
2026-05-05 20:39:47,056 - System - INFO - 用户 admin 登录成功
2026-05-05 20:41:06,750 - System - INFO - 用户 admin 登录成功
2026-05-05 20:42:43,081 - System - ERROR - 用户 admin 登录失败：密码错误
2026-05-05 20:42:43,738 - System - ERROR - 用户 admin 登录失败：密码错误
2026-05-05 20:42:44,731 - System - ERROR - 用户 admin 登录失败：密码错误
2026-05-05 20:42:45,353 - System - ERROR - 用户 admin 登录失败：密码错误
2026-05-05 20:42:47,419 - System - INFO - 用户 admin 登录成功
2026-05-05 20:45:43,781 - System - INFO - 用户 admin 登录成功
2026-05-05 20:50:24,851 - System - INFO - 用户 admin 登录成功
2026-05-05 20:52:20,360 - System - INFO - 用户 admin 登录成功
2026-05-05 20:55:26,688 - System - INFO - 用户 admin 登录成功
2026-05-05 20:58:20,713 - System - INFO - 添加器材成功: EQ202605050001 - 5号足球
2026-05-05 20:58:40,022 - System - INFO - 器材 EQ202605050001 入库成功: +15
2026-05-05 20:59:38,964 - System - INFO - 添加器材成功: EQ202605050002 - 4号足球
2026-05-05 21:00:00,877 - System - INFO - 器材 EQ202605050002 入库成功: +10
2026-05-05 21:06:00,014 - System - INFO - 用户 admin 登录成功
2026-05-05 21:08:27,398 - System - INFO - 用户 admin 登录成功
2026-05-05 21:11:38,363 - System - INFO - 用户 admin 登录成功
2026-05-05 21:14:47,335 - System - INFO - 用户 admin 登录成功
2026-05-05 21:16:28,905 - System - INFO - 用户 admin 登录成功
2026-05-05 21:16:54,426 - System - INFO - 用户 admin 登录成功
2026-05-05 21:19:12,868 - System - INFO - 用户 admin 登录成功
2026-05-05 21:21:38,050 - System - ERROR - 用户 admin 登录失败：密码错误
2026-05-05 21:21:38,819 - System - ERROR - 用户 admin 登录失败：密码错误
2026-05-05 21:21:41,073 - System - ERROR - 用户 admin 登录失败：密码错误
2026-05-05 21:21:41,852 - System - ERROR - 用户 admin 登录失败：密码错误
2026-05-05 21:21:46,074 - System - INFO - 用户 admin 登录成功
2026-05-05 21:25:07,208 - System - INFO - 用户 admin 登录成功
2026-05-05 21:28:09,368 - System - INFO - 用户 admin 登录成功
2026-05-05 21:29:41,024 - System - INFO - 用户 admin 登录成功
2026-05-05 21:33:45,484 - System - INFO - 用户 admin 登录成功
2026-05-05 21:38:20,042 - System - INFO - 用户 admin 登录成功
2026-05-05 21:42:34,132 - System - INFO - 用户 admin 登录成功
2026-05-05 21:46:18,149 - System - INFO - 用户 admin 登录成功
2026-05-05 21:48:29,625 - System - INFO - 用户 admin 登录成功
2026-05-05 21:50:49,148 - System - ERROR - 用户 admin 登录失败：密码错误
2026-05-05 21:50:50,552 - System - ERROR - 用户 admin 登录失败：密码错误
2026-05-05 21:50:52,617 - System - INFO - 用户 admin 登录成功
2026-05-05 21:52:17,261 - System - INFO - 用户 admin 登录成功
2026-05-05 21:55:12,746 - System - INFO - 用户 admin 登录成功
2026-05-05 21:58:14,823 - System - INFO - 用户 admin 登录成功
2026-05-05 21:58:46,581 - System - INFO - 库存盘点: EQ202605050002, 系统:10, 实际:10, 差异:0
2026-05-05 22:03:06,544 - System - INFO - 用户 admin 登录成功
2026-05-24 20:52:28,872 - System - INFO - 用户 admin 登录成功
2026-05-26 21:26:15,319 - System - INFO - 用户 admin 登录成功
2026-05-26 21:33:45,015 - System - INFO - 用户 admin 登录成功
2026-05-26 21:37:23,093 - System - INFO - 添加器材成功: BB202605260001 - 教学用篮球1号
2026-05-26 21:39:42,204 - System - INFO - 器材 BB202605260001 入库成功: +20
2026-05-26 21:40:50,701 - System - INFO - 器材 BB202605260001 出库成功: -5
2026-05-26 21:49:36,644 - System - INFO - 用户 admin 登录成功
2026-05-26 21:55:07,653 - System - INFO - 添加器材成功: VB202605260001 - 教学用排球2号
2026-05-26 21:57:30,763 - System - INFO - 器材ID 2 信息已更新
2026-05-26 21:59:15,667 - System - INFO - 数据已导出到CSV: D:\xiaoyuanqicai\exports\器材报表_20260526_215915.csv
2026-05-26 22:02:47,378 - System - INFO - 库存盘点: BB202605260001, 系统:15, 实际:15, 差异:0
2026-05-26 22:08:55,874 - System - INFO - 器材 VB202605260001 入库成功: +10
2026-05-26 22:10:06,303 - System - INFO - 器材 VB202605260001 出库成功: -3
2026-05-26 22:12:24,780 - System - INFO - 数据已导出到CSV: D:\xiaoyuanqicai\exports\出入库记录_20260526_221224.csv
2026-05-26 22:17:26,702 - System - INFO - 新用户注册成功: zhangsan
2026-05-26 22:21:06,507 - System - INFO - 数据已导出到CSV: D:\xiaoyuanqicai\exports\统计报表_2026-05-26_2026-05-26.csv
2026-05-26 22:21:56,175 - System - INFO - 数据已导出到CSV: D:\xiaoyuanqicai\exports\统计报表_2026-04-26_2026-05-26.csv
2026-05-26 22:24:32,005 - System - INFO - 用户 admin 登录成功
2026-05-26 22:24:49,286 - System - INFO - 数据已导出到CSV: D:\xiaoyuanqicai\exports\统计报表_2026-05-26_2026-05-26.csv
2026-05-26 22:36:20,510 - System - INFO - 用户 admin 登录成功
2026-05-26 22:37:29,577 - System - INFO - 用户 admin 登录成功
2026-05-26 22:39:54,881 - System - INFO - 用户 admin 登录成功
2026-05-26 23:06:13,963 - System - ERROR - 用户 admin 登录失败：密码错误
2026-05-26 23:06:14,580 - System - ERROR - 用户 admin 登录失败：密码错误
2026-05-26 23:06:16,958 - System - ERROR - 用户 admin 登录失败：密码错误
2026-05-26 23:06:17,658 - System - ERROR - 用户 admin 登录失败：密码错误
2026-05-26 23:06:23,110 - System - INFO - 用户 admin 登录成功
2026-05-26 23:06:41,206 - System - INFO - 数据已导出到CSV: D:\xiaoyuanqicai\exports\出入库记录_20260526_230641.csv
